// Jest Snapshot v1, https://goo.gl/fbAQLP

exports[`<App /> render <App /> component as expected 1`] = `
<Home
  tech="React"
/>
`;
